<area shape="rect" href="$classExportManager.html" title="Defines how to export a graph to an external format." alt="" coords="215,604,332,631">
<area shape="rect" href="$classGraph.html" title="Graph class." alt="" coords="356,604,415,631">
<area shape="rect" href="$classHandler.html" title="Handler\&lt; sparksee_core::DbGraph \&gt;" alt="" coords="5,252,264,279">
<area shape="rect" href="$classHandler.html" title="Handles a reference." alt="" coords="369,103,476,129">
<area shape="rect" href="$classHandler.html" title="Handler\&lt; sparksee_core::Session \&gt;" alt="" coords="208,359,459,385">
<area shape="rect" href="$classHandler.html" title="Handler\&lt; sparksee_core::GraphPool \&gt;" alt="" coords="365,252,632,279">
<area shape="rect" href="$classHandler.html" title="Handler\&lt; sparksee_core::SPARKSEE \&gt;" alt="" coords="597,199,867,225">
<area shape="rect" href="$classSession.html" title="Session class." alt="" coords="349,508,421,535">
<area shape="rect" href="$classDatabase.html" title="Database class." alt="" coords="441,412,524,439">
<area shape="rect" href="$classSparksee.html" title="Sparksee class." alt="" coords="593,305,673,332">
