<area shape="rect" href="$classHandler.html" title="Handler\&lt; sparksee_core::Values \&gt;" alt="" coords="805,32,1048,59">
<area shape="rect" href="$classHandler.html" title="Handles a reference." alt="" coords="143,148,249,175">
<area shape="rect" href="$classHandler.html" title="Handler\&lt; sparksee_core::Session \&gt;" alt="" coords="1193,87,1444,113">
<area shape="rect" href="$classHandler.html" title="Handler\&lt; sparksee_core::GraphPool \&gt;" alt="" coords="793,148,1060,175">
<area shape="rect" href="$classHandler.html" title="Handler\&lt; sparksee_core::SPARKSEE \&gt;" alt="" coords="499,199,768,225">
<area shape="rect" href="$classHandler.html" title="Handler\&lt; sparksee_core::DbGraph \&gt;" alt="" coords="1580,244,1839,271">
<area shape="rect" href="$classSession.html" title="Session class." alt="" coords="1864,100,1936,127">
<area shape="rect" href="$classGraph.html" title="Graph class." alt="" coords="2015,159,2073,185">
<area shape="rect" href="$classDatabase.html" title="Database class." alt="" coords="1471,157,1553,184">
<area shape="rect" href="$classSparksee.html" title="Sparksee class." alt="" coords="1087,199,1167,225">
