<area shape="rect" href="$classHandler.html" title="Handler\&lt; sparksee_core::Value \&gt;" alt="" coords="448,32,685,59">
<area shape="rect" href="$classHandler.html" title="Handler\&lt; sparksee_core::SPARKSEE \&gt;" alt="" coords="432,83,701,109">
<area shape="rect" href="$classHandler.html" title="Handler\&lt; sparksee_core::Objects \&gt;" alt="" coords="441,133,692,160">
<area shape="rect" href="$classHandler.html" title="Handler\&lt; sparksee_core::GraphTextStream \&gt;" alt="" coords="409,184,724,211">
<area shape="rect" href="$classHandler.html" title="Handler\&lt; sparksee_core::Session \&gt;" alt="" coords="441,235,692,261">
<area shape="rect" href="$classHandler.html" title="Handler\&lt; sparksee_core::Values \&gt;" alt="" coords="445,285,688,312">
<area shape="rect" href="$classHandler.html" title="Handler\&lt; sparksee_core::Query \&gt;" alt="" coords="447,339,687,365">
<area shape="rect" href="$classHandler.html" title="Handler\&lt; sparksee_core::ResultSet \&gt;" alt="" coords="435,396,699,423">
<area shape="rect" href="$classHandler.html" title="Handler\&lt; sparksee_core::DbGraph \&gt;" alt="" coords="437,459,696,485">
<area shape="rect" href="$classHandler.html" title="Handler\&lt; sparksee_core::GraphPool \&gt;" alt="" coords="433,535,700,561">
<area shape="rect" href="$classValue.html" title="Value class." alt="" coords="804,32,860,59">
<area shape="rect" href="$classSparksee.html" title="Sparksee class." alt="" coords="792,83,872,109">
<area shape="rect" href="$classObjects.html" title="Object identifier set class." alt="" coords="797,133,867,160">
<area shape="rect" href="$classTextStream.html" title="TextStream class." alt="" coords="784,184,880,211">
<area shape="rect" href="$classSession.html" title="Session class." alt="" coords="796,235,868,261">
<area shape="rect" href="$classValues.html" title="Value set class." alt="" coords="800,285,864,312">
<area shape="rect" href="$classValuesIterator.html" title="Values iterator class." alt="" coords="777,336,887,363">
<area shape="rect" href="$classQuery.html" title="Query class." alt="" coords="803,387,861,413">
<area shape="rect" href="$classResultSet.html" title="ResultSet class." alt="" coords="791,437,873,464">
<area shape="rect" href="$classGraph.html" title="Graph class." alt="" coords="803,488,861,515">
<area shape="rect" href="$classDatabase.html" title="Database class." alt="" coords="791,539,873,565">
