<area shape="rect" href="$classHandler.html" title="Handler\&lt; sparksee_core::Values \&gt;" alt="" coords="72,615,315,641">
<area shape="rect" href="$classValues.html" title="Value set class." alt="" coords="313,711,377,737">
<area shape="rect" href="$classHandler.html" title="Handles a reference." alt="" coords="252,103,359,129">
<area shape="rect" href="$classHandler.html" title="Handler\&lt; sparksee_core::Session \&gt;" alt="" coords="185,359,436,385">
<area shape="rect" href="$classHandler.html" title="Handler\&lt; sparksee_core::GraphPool \&gt;" alt="" coords="209,252,476,279">
<area shape="rect" href="$classHandler.html" title="Handler\&lt; sparksee_core::SPARKSEE \&gt;" alt="" coords="399,199,668,225">
<area shape="rect" href="$classHandler.html" title="Handler\&lt; sparksee_core::DbGraph \&gt;" alt="" coords="549,465,808,492">
<area shape="rect" href="$classSession.html" title="Session class." alt="" coords="331,519,403,545">
<area shape="rect" href="$classGraph.html" title="Graph class." alt="" coords="421,615,480,641">
<area shape="rect" href="$classDatabase.html" title="Database class." alt="" coords="415,412,497,439">
<area shape="rect" href="$classSparksee.html" title="Sparksee class." alt="" coords="493,305,573,332">
