<area shape="rect" href="$classException.html" title="Exception class." alt="" coords="7,233,89,260">
<area shape="rect" href="$classError.html" title="Error class." alt="" coords="207,183,257,209">
<area shape="rect" href="$classIOException.html" title="IO exception class." alt="" coords="184,233,280,260">
<area shape="rect" href="$classNoSuchElementException.html" title="No such element exception class." alt="" coords="139,284,325,311">
<area shape="rect" href="$classAppError.html" title="Application error class." alt="" coords="419,107,496,133">
<area shape="rect" href="$classSystemError.html" title="System error class." alt="" coords="407,183,508,209">
<area shape="rect" href="$classLicenseError.html" title="License error class." alt="" coords="640,5,739,32">
<area shape="rect" href="$classQueryException.html" title="Query exception class." alt="" coords="629,56,749,83">
<area shape="rect" href="$classUnsupportedOperationError.html" title="Unsupported operation error class." alt="" coords="591,107,788,133">
<area shape="rect" href="$classWrongArgumentError.html" title="Wrong argument error class." alt="" coords="612,157,767,184">
<area shape="rect" href="$classIOError.html" title="IO error class." alt="" coords="657,208,721,235">
<area shape="rect" href="$classFileNotFoundException.html" title="File not found exception class." alt="" coords="375,233,540,260">
